[web3.agency/index.html]
[backblue.gif]
[fade.gif]
[index.html]
[web3.agency/favicon/favicon.ico]
[web3.agency/app/css/fullpage.css]
[web3.agency/app/css/style.css]
[web3.agency/about.html]
[web3.agency/app/img/logo_web3.svg]
[web3.agency/app/img/about/we_are_decentralization.svg]
[web3.agency/tge-support.html]
[web3.agency/digital-support.html]
[web3.agency/community-support.html]
[web3.agency/seo-services.html]
[web3.agency/pr.html]
[web3.agency/digital-strategy.html]
[web3.agency/paid-promotion.html]
[web3.agency/product-development.html]
[web3.agency/app/img/our_values.svg]
[web3.agency/app/img/sprites/clients-sprite.svg]
[web3.agency/app/img/sprites/partners-sprite.svg]
[web3.agency/app/img/footer/car1.svg]
[web3.agency/app/img/footer/car2.svg]
[web3.agency/app/js/fullpage.js]
[cdnjs.cloudflare.com/ajax/libs/tiny-slider/2.8.8/min/tiny-slider.js]
[web3.agency/index.html]
[web3.agency/app/css/fullpage.css]
[web3.agency/app/js/main.js]
[web3.agency/app/css/fonts/roboto-v15-latin-regular.woff2]
[web3.agency/app/css/fonts/roboto-v15-latin-regular.woff]
[web3.agency/app/css/fonts/roboto-v15-latin-700.woff2]
[web3.agency/app/css/fonts/roboto-v15-latin-700.woff]
[web3.agency/app/css/fonts/roboto-condensed-v16-latin-italic.woff2]
[web3.agency/app/css/fonts/roboto-condensed-v16-latin-italic.woff]
[web3.agency/app/css/fonts/roboto-condensed-v16-latin-700italic.woff2]
[web3.agency/app/css/fonts/roboto-condensed-v16-latin-700italic.woff]
[web3.agency/app/css/fonts/web3agency.woff2]
[web3.agency/app/css/fonts/web3agency.woff]
[web3.agency/app/img/pattern.png]
[web3.agency/app/img/gradient-hex.svg]
[web3.agency/app/img/footer_city.svg]
[web3.agency/app/css/style.css]
[web3.agency/app/img/carousel-item.png]
[web3.agency/about.html]
[web3.agency/app/img/logo_web3.svg]
[web3.agency/app/images/logo--promo.html]
[web3.agency/app/img/about/we_are_decentralization.svg]
[web3.agency/app/img/earth_illustration.svg]
[cdnjs.cloudflare.com/ajax/libs/tiny-slider/2.8.8/tiny-slider.css]
[web3.agency/tge-support.html]
[web3.agency/app/img/services/ICO-TGE_Support.svg]
[web3.agency/digital-support.html]
[web3.agency/app/img/services/Digital_Support.svg]
[web3.agency/community-support.html]
[web3.agency/app/img/services/Community_Support.svg]
[web3.agency/seo-services.html]
[web3.agency/app/img/services/SEO.svg]
[web3.agency/pr.html]
[web3.agency/app/img/services/pr.svg]
[web3.agency/digital-strategy.html]
[web3.agency/app/img/services/Digital_Strategy.svg]
[web3.agency/paid-promotion.html]
[web3.agency/app/img/services/Paid_Promotion.svg]
[web3.agency/product-development.html]
[web3.agency/app/img/our_values.svg]
[web3.agency/app/img/sprites/clients-sprite.svg]
[web3.agency/app/img/sprites/partners-sprite.svg]
[web3.agency/app/img/footer/car1.svg]
[web3.agency/app/img/footer/car2.svg]
[web3.agency/app/img/gradient-hex.svg]
[web3.agency/app/img/footer_city.svg]
[web3.agency/app/img/earth_illustration.svg]
[cdnjs.cloudflare.com/ajax/libs/tiny-slider/2.8.8/tiny-slider.css]
[web3.agency/app/img/services/ICO-TGE_Support.svg]
[web3.agency/app/img/services/Digital_Support.svg]
[web3.agency/app/img/services/Community_Support.svg]
[web3.agency/app/img/services/SEO.svg]
[web3.agency/app/img/services/pr.svg]
[web3.agency/app/img/services/Digital_Strategy.svg]
[web3.agency/app/img/services/Paid_Promotion.svg]
[web3.agency/app/img/services/Product_development.svg]
[web3.agency/app/img/services/Product_development.svg]
